pcg_setseq_16_xsh_rs_8_random_r:
      -  result:      8-bit unsigned int (uint8_t)
      -  period:      2^16   (* 2^15 streams)
      -  state type:  struct pcg_state_setseq_16 (4 bytes)
      -  output func: XSH-RS

Round 1:
   8bit: 0xd6 0x28 0xbf 0x43 0x9b 0x1b 0x5e 0x9a 0xa5 0xdc 0x89 0xe9 0x0b 0x74
  Again: 0xd6 0x28 0xbf 0x43 0x9b 0x1b 0x5e 0x9a 0xa5 0xdc 0x89 0xe9 0x0b 0x74
  Coins: TTHTTTHTTHHTTHHTTHTHTHHHHTTHHHTHHHHHTHHTTTTHTTHHTTTHTHHHHTTTHHTHH
  Rolls: 2 4 2 1 5 1 6 6 5 5 6 5 1 3 4 2 5 4 3 2 6 5 6 3 5 6 3 3 4 1 3 1 2
  Cards: As Ts 9d 2d Th 4h 3s 6h 8c 7d 7s 2c 7c 6d 7h 2h 5c Ac Td 3d Ks 4c
	 Kc Js Qd 8s 2s Jh 3h 8d Ad 8h Ah Qc 9h Tc Kd 4d Jd Qs 5h Qh 6c 4s
	 3c Kh 5s 6s 5d 9s Jc 9c

Round 2:
   8bit: 0xb3 0xf3 0x7c 0x21 0x85 0x20 0xb1 0x87 0x3f 0xe0 0xa4 0xe1 0xf5 0xe9
  Again: 0xb3 0xf3 0x7c 0x21 0x85 0x20 0xb1 0x87 0x3f 0xe0 0xa4 0xe1 0xf5 0xe9
  Coins: HHTTTTTTHTTTTTTHTHTTTHTTHHTHTTHTTHTHHHTTTTHTTHHTTHHTHHTHTTHTTTHTH
  Rolls: 3 4 3 4 3 1 4 6 1 3 4 6 4 1 5 2 5 2 3 4 5 3 1 4 2 3 1 1 2 3 2 3 5
  Cards: As 8d Td 9h Ad Ah 7d 9d 6d 7s Ks Qs 8c 6h 2c 2h 3h 5d Qd Tc 5c Th
	 4h 9s 4s 8s Qc Ac Kd Jh Jc 2d 3s 4c 6c 3c 8h 4d 7c Jd 2s 5h 9c 5s
	 Ts 6s 3d Js Kc Kh 7h Qh

Round 3:
   8bit: 0x91 0x24 0x7b 0x80 0x05 0x32 0x5c 0x25 0xab 0xf6 0x14 0x6f 0x00 0x69
  Again: 0x91 0x24 0x7b 0x80 0x05 0x32 0x5c 0x25 0xab 0xf6 0x14 0x6f 0x00 0x69
  Coins: HHHTHHTHHTHHHHTTTHTTHHTTTHTTTTTTHTTTTTHHTHHTHHTTHHHTTHTHTTHHHHHHT
  Rolls: 6 3 5 4 6 4 2 6 5 4 2 4 3 5 3 1 4 4 1 6 3 5 2 5 6 6 6 1 6 4 6 2 6
  Cards: Kd Th 7d 9h 3c 2c 8s 7c 6c Qc Ad 8d 2h 6s Ac 4c 3s Js 6h 8c 3d Qs
	 6d 4h Jh 9d 7h 9c Ah As 9s Qd Jd Td Jc Kc 4d 5d Ks Qh 5c Kh 5s Tc
	 2s 2d 3h 5h 7s 4s 8h Ts

Round 4:
   8bit: 0x0c 0xde 0xb1 0x5f 0x04 0x17 0xb0 0x89 0x26 0xf9 0x9b 0x0f 0x0c 0x74
  Again: 0x0c 0xde 0xb1 0x5f 0x04 0x17 0xb0 0x89 0x26 0xf9 0x9b 0x0f 0x0c 0x74
  Coins: THTHHHHTHTTHHTTHHHHTHTTTTHTTHTTHTHTHTHHHTHTTTHTHHTHTHTTHTTTHTTTHT
  Rolls: 4 3 1 2 4 2 4 3 5 4 5 6 5 5 4 6 3 6 6 5 4 5 6 3 4 1 4 1 3 2 3 1 3
  Cards: Ks As 9c Td 6d 5d 8c Jh 7d Qh 4c 8s 3c Jc 4h Jd Kd Th 2h 3d 5h 8h
	 6h 2c Qd 6c 7s 2s 7c 6s 2d Tc Qs Kh 5s 9h Kc 4d 3h 3s 9d 4s Ah Ac
	 Js 7h Ts 9s 8d 5c Qc Ad

Round 5:
   8bit: 0x3e 0x6e 0x28 0x45 0x27 0xb9 0x28 0x71 0xaa 0xd3 0xf0 0x15 0xe4 0xe6
  Again: 0x3e 0x6e 0x28 0x45 0x27 0xb9 0x28 0x71 0xaa 0xd3 0xf0 0x15 0xe4 0xe6
  Coins: TTHTHTHHTTHTHHTHTHTTTTHHTTHTHHTHTTTTHHHHTTTTHTTTTHTHTTTTTHHTTHHTT
  Rolls: 4 1 2 5 6 3 4 1 1 1 4 1 5 4 3 3 5 2 3 6 2 3 3 1 3 4 5 3 3 3 5 4 3
  Cards: Kd 4c 7h 2d 6c As Kh 5h 9s Ad 5c 4s Qh 3c 6h 8h 9d Ts Tc 4h 6s 6d
	 7s Js 8s Kc 5d Jd 8c Ac Td Qs Jh Ah Qc 8d 9h 5s Ks Qd 2s Th Jc 2c
	 2h 3s 9c 7c 7d 4d 3d 3h

