pcg_mcg_16_xsh_rr_8_random_r:
      -  result:      8-bit unsigned int (uint8_t)
      -  period:      2^14
      -  state type:  struct pcg_state_16 (2 bytes)
      -  output func: XSH-RR

Round 1:
   8bit: 0x01 0xb0 0x4a 0xb9 0x10 0x80 0xc0 0x8f 0x93 0xfe 0x92 0x9b 0x79 0xde
  Again: 0x01 0xb0 0x4a 0xb9 0x10 0x80 0xc0 0x8f 0x93 0xfe 0x92 0x9b 0x79 0xde
  Coins: HTTHTHHHTTTHTTHTTHTHTHHTTTTHTTTHHTTHTHTHHTHHTHHHTTTTTTTTTHHTTHHHH
  Rolls: 2 2 2 6 2 2 5 4 4 6 5 2 2 1 5 5 1 5 6 5 6 5 6 4 5 2 5 2 2 2 3 1 4
  Cards: 3c Tc 6h 8h 7s 4d 5s 4c As 7h 2c 9h 7d Qd 8c Kd Kh Qs Ks 5d 8d 3d
	 2d 8s Js Jd 6d 9d 2s 9s 5c 6s Qc 6c 4s Kc 2h Jc Ts Qh Ah 9c Ad 3s
	 Ac Jh 7c Td 3h 5h 4h Th

Round 2:
   8bit: 0xaf 0x49 0x89 0x79 0xcf 0x16 0x07 0x3b 0x93 0x4d 0x37 0x3d 0xcd 0xe6
  Again: 0xaf 0x49 0x89 0x79 0xcf 0x16 0x07 0x3b 0x93 0x4d 0x37 0x3d 0xcd 0xe6
  Coins: HTHHHHHTTTTHTTTHTTHTHTTTTTHHTTTTHTTTHTTTTTTTHHTTHTTHTTHHTHHTTHHTT
  Rolls: 1 1 6 5 3 6 3 1 3 6 2 5 5 2 6 3 3 1 3 6 4 4 3 5 5 4 3 4 3 6 6 2 4
  Cards: 5d 7d Ad 2c Jc 9s 9h 4h Td 8h 7h Th 2s 3s 5h 4d 5c Kh 7c 3h 6c Tc
	 9c As Qd Jd Ks 3c Qs Qh 6d 2d Kc 7s 4s Ac Qc Js 5s 9d Kd 4c 8c 8s
	 Jh 6s Ah 6h 3d 8d 2h Ts

Round 3:
   8bit: 0xb8 0xcb 0x02 0x87 0x6b 0xf0 0x1d 0xdf 0x9e 0xf9 0x15 0xd5 0x38 0xc7
  Again: 0xb8 0xcb 0x02 0x87 0x6b 0xf0 0x1d 0xdf 0x9e 0xf9 0x15 0xd5 0x38 0xc7
  Coins: TTHHHTHTTHTHHHTHTHTTTHHHHHTHTTHHTHHTHHHTTTHHTHTTHHHHTHTHTHHHTTTHT
  Rolls: 4 4 2 1 3 2 3 2 1 3 5 5 6 5 3 6 2 5 4 6 4 5 2 4 3 5 1 6 5 4 1 2 3
  Cards: As 8d Ts 7h 6h 3h Ac 2h 5s 7s 4s 2d 4c 9c 2c Ah Kh 2s 3c 3d Qc 5c
	 Tc Qh Jd Ks 6d 8s Js 5h 3s Jh 6s Kc 7c 4h 7d Qd Td 5d Jc 9d 4d 8c
	 9s 9h Ad Kd 8h 6c Qs Th

Round 4:
   8bit: 0x1e 0x20 0xee 0x3d 0xf8 0xf9 0x98 0x2b 0x6d 0x2a 0x7d 0xc5 0x0a 0xd1
  Again: 0x1e 0x20 0xee 0x3d 0xf8 0xf9 0x98 0x2b 0x6d 0x2a 0x7d 0xc5 0x0a 0xd1
  Coins: TTTHHHHTTHTTHTHTTTHHHTHTTHHHHHTHTTTHHTTHTHHTHHHTTHHTTTHHHHHTHHHHH
  Rolls: 3 2 6 2 6 6 3 2 4 3 4 1 6 6 1 4 6 1 4 2 1 5 1 4 2 6 6 3 2 3 4 1 1
  Cards: 9d 7c Qd Th 9s 9c 7s 5h 3c 3s Js 8c Ad 2d 4h 5d 3d Qc 6h 6d 4s 8s
	 7d 2h 2c 2s Jc 8h 5s 4d 9h 3h As Ah Tc Qs 4c 6s Kd 8d Ac Ks Td Qh
	 6c Kh 7h Jd 5c Kc Jh Ts

Round 5:
   8bit: 0xaa 0x49 0x20 0x61 0x40 0xd2 0xd2 0x0a 0xe2 0xda 0x9e 0xc1 0x80 0xb1
  Again: 0xaa 0x49 0x20 0x61 0x40 0xd2 0xd2 0x0a 0xe2 0xda 0x9e 0xc1 0x80 0xb1
  Coins: THTTTHTTTHHHTHHHTTTHTHHTTTTTTHHTHHHHTHTTTTTTHHHTHHHHTHTTHHHTTHHTH
  Rolls: 5 3 5 6 4 2 6 3 2 1 6 5 6 2 6 2 3 1 1 2 5 6 2 5 2 3 4 6 5 5 1 6 5
  Cards: Td 8h Qs Th 6s 2s 9h 9s 5s Qh 4c Ts 8s 2d Jd 7d 7h 7s 6c Kh 9d Qc
	 Ad Kd 3h 3d 3s Kc 4h 3c 8c Jc Qd As Ah Ac 5c Tc 8d 5h 9c 4s 5d 6h
	 2h 6d 4d Jh Js 7c Ks 2c

