pcg_oneseq_16_xsh_rr_8_random_r:
      -  result:      8-bit unsigned int (uint8_t)
      -  period:      2^16
      -  state type:  struct pcg_state_16 (2 bytes)
      -  output func: XSH-RR

Round 1:
   8bit: 0x8d 0x48 0x36 0xdd 0x98 0x31 0x49 0xb8 0x0b 0xb2 0x17 0x95 0x04 0xe9
  Again: 0x8d 0x48 0x36 0xdd 0x98 0x31 0x49 0xb8 0x0b 0xb2 0x17 0x95 0x04 0xe9
  Coins: HTHHTHTTTTHHHTTTHTHHHHTTHHTTHHTTTHTHHTHHTHHTHTHTHTTHHTHHHHTTHHHHH
  Rolls: 3 4 3 3 1 3 1 4 5 2 2 4 1 5 6 2 5 4 6 4 2 2 2 5 2 6 3 4 4 6 5 2 1
  Cards: Qh 9c 3s Tc 5h Th Ac 8s 3c 2h 7d 4d As 6h 9s Qd 2d 9d Kh Jc 8c Kc
	 Ad Kd 4h Ks 5d 6s 8h 3d 8d Jh 4s 5c 2s Js 6c 6d 2c Ts 9h Qs 4c 7s
	 3h Qc 7h 7c Jd Td 5s Ah

Round 2:
   8bit: 0x5a 0x48 0x0f 0x67 0x04 0x3f 0xab 0x14 0xbe 0x5d 0x47 0xd1 0xa5 0x9d
  Again: 0x5a 0x48 0x0f 0x67 0x04 0x3f 0xab 0x14 0xbe 0x5d 0x47 0xd1 0xa5 0x9d
  Coins: THTHHTTTTHTTTTTHTTTHTHHTTTHHHHTTTHTHTTTHTTHHTHHTHTTHTHHHHTHHTTHTH
  Rolls: 3 1 3 6 3 6 2 4 6 3 5 4 1 3 2 1 3 5 4 3 4 2 2 4 5 4 4 4 4 5 1 3 2
  Cards: 4s Qh 2h 6c Ac 3d 5s 2d Kd Ad 6h 9d 7h 7c Js Jc Th Jd 6d 8h 8c Qc
	 3h 7s 9h As 8s Tc Jh 3s Kh 3c 7d 9s Ts 6s 5c 4c 2s Ks Qd 9c 2c 4h
	 5h Ah Kc 4d 8d 5d Td Qs

Round 3:
   8bit: 0x52 0xa4 0x89 0x0f 0xa0 0x73 0x9e 0xd8 0x29 0x95 0x01 0x19 0x7a 0x05
  Again: 0x52 0xa4 0x89 0x0f 0xa0 0x73 0x9e 0xd8 0x29 0x95 0x01 0x19 0x7a 0x05
  Coins: THTTTTTTTTHTTTHTHHHTTHTTHTHHHTTHHTHTTHHTHTHTTTHHHTTTHHTTTTTHTHTHT
  Rolls: 3 4 3 3 4 2 2 4 4 6 2 3 6 4 1 3 2 6 1 3 6 1 3 5 5 2 1 5 5 3 2 3 3
  Cards: Qh 2c 9c 3c Qs 5h 8c As Td Th 8d 3d 8h Jh 7h 2d 6c 2h Jd Qc 4c Tc
	 Kd Ts 9s 7c 8s 3h 7d 5c Ah 2s 4s 9d 5s 6s 4h 4d Ks 7s 5d Kc 3s Ad
	 Kh Jc 6h Ac Js Qd 6d 9h

Round 4:
   8bit: 0x59 0x01 0xa2 0x71 0x7d 0xa0 0xe8 0x5d 0x49 0xca 0x1c 0x99 0x5c 0x30
  Again: 0x59 0x01 0xa2 0x71 0x7d 0xa0 0xe8 0x5d 0x49 0xca 0x1c 0x99 0x5c 0x30
  Coins: TTTHHTTTHHHHTTTHTTHTTTTHHHTHTHTTHHTHTHHTHHHHHHHTHTHTTTHTTTHHHHTTH
  Rolls: 4 4 2 3 1 6 2 1 6 5 3 1 6 5 3 1 2 6 5 2 6 5 2 2 4 2 4 1 5 4 6 4 5
  Cards: 8c Ac 2c 4s 2d 5d Qh 4h 8h Ts 6h Ks 7h 7c 5h 3s Ad 4c 5c 9s 4d Qs
	 3d Jd 9c Kd 7d 9d Tc Ah Kh 9h Qc Jc Js 6c 3c 8s As Td 6d 2h 5s 2s
	 Qd Kc Th 7s Jh 6s 3h 8d

Round 5:
   8bit: 0xf2 0x38 0xde 0xef 0x72 0xd3 0xdb 0x66 0x4b 0x19 0xbc 0xd1 0x60 0x16
  Again: 0xf2 0x38 0xde 0xef 0x72 0xd3 0xdb 0x66 0x4b 0x19 0xbc 0xd1 0x60 0x16
  Coins: HTHHHHTHTTHHHHHTHHHHTTTHTHHTTHTHTTHTTHTHHTTHTTHHTHHTTTTHTHTTTTHHT
  Rolls: 4 1 6 4 5 5 4 6 4 6 4 2 1 4 6 6 1 5 3 4 5 3 3 6 1 1 2 4 5 3 4 4 6
  Cards: 7d 7h 5c Kc 9d 8h 4h 2d 7c 2c Th 3h 2s 6h 3d 3c Qd 9h 6s 5s 8c Kd
	 Jh 3s Ah 4d Kh 8d Td Ts Ks As Ac 9s Qh Jd 6c Tc Qc 4s 9c 5h Qs Jc
	 Ad 5d Js 7s 6d 8s 4c 2h

