pcg_setseq_16_xsh_rr_8_random_r:
      -  result:      8-bit unsigned int (uint8_t)
      -  period:      2^16   (* 2^15 streams)
      -  state type:  struct pcg_state_setseq_16 (4 bytes)
      -  output func: XSH-RR

Round 1:
   8bit: 0x7e 0xf1 0x94 0x0d 0xe5 0x33 0x55 0x96 0x70 0xcf 0x94 0xbe 0x40 0xaa
  Again: 0x7e 0xf1 0x94 0x0d 0xe5 0x33 0x55 0x96 0x70 0xcf 0x94 0xbe 0x40 0xaa
  Coins: HHTTHTHHHTHHTHTTTTTTHHHHHHTHTHTTTHHTTHTTTHTHHTHTHTTHTTHHTTHTHTHTT
  Rolls: 2 5 2 3 5 2 4 5 4 5 4 1 6 1 3 1 1 1 4 5 5 1 5 2 6 2 4 1 1 1 4 1 3
  Cards: 7d 9c 5s 2c 6d 4h 4d 3c 5h Qh 7s Qc 9d 3d Td Qd Th 9h 8c Kd 7h 7c
	 Js 5d 2h Ts 6h As 8s 9s Jd 6c 4s 6s 4c Kc 5c 8h Jc 8d Ah Ks 2d 3h
	 Qs Kh Tc 2s Ac Ad Jh 3s

Round 2:
   8bit: 0xd3 0xaf 0x75 0xcf 0xcb 0xf9 0xf2 0x70 0x4d 0xd9 0xd3 0x99 0x8e 0x7c
  Again: 0xd3 0xaf 0x75 0xcf 0xcb 0xf9 0xf2 0x70 0x4d 0xd9 0xd3 0x99 0x8e 0x7c
  Coins: HHHTTTHTTHHTTTTTTTHTTHTTTHTTTHTHHHHTTTHHHHHTHTTHTTHTTTTHTTTHTHTHT
  Rolls: 5 4 2 2 4 3 3 5 6 4 6 5 5 6 1 4 2 6 6 3 3 2 5 2 6 2 2 5 3 4 2 1 1
  Cards: 2c 8s 6s Qc 7c Jd 2h 7h 3c Jc 2d 8h Ks Jh Kc 8c 3h 5c 3s Ac 7d 6h
	 9c 4s 4d 5d Qh Ts 9h Kh Js 5h Tc Td 4h Qs 9s 2s 9d 5s 6c Qd 8d Ad
	 Th 4c 3d Kd Ah As 6d 7s

Round 3:
   8bit: 0xdd 0x2b 0xda 0xdc 0xe0 0xaf 0x31 0xc4 0x7e 0xb1 0x72 0xf4 0xa7 0xe0
  Again: 0xdd 0x2b 0xda 0xdc 0xe0 0xaf 0x31 0xc4 0x7e 0xb1 0x72 0xf4 0xa7 0xe0
  Coins: TTHTHTTHHHHHHTTHTTHHHHTHHTTHHTHHTTTTTHHTHTTHHHHTTTTTHHHTTHHTTHTHH
  Rolls: 6 4 2 4 1 2 5 6 3 4 2 2 4 4 5 4 1 4 4 3 5 6 6 1 1 6 2 1 6 1 1 1 5
  Cards: Kc 9c 5h 7c 9d 9h 5d 7h Jc Js 4h Qc Ks Kh Tc Td Qs 2s Ts Qd 6s 9s
	 4d Jh Kd Qh Jd 5c 2c 4c 8h Th 2h 7s 6h 2d As 3c Ac 7d 3d 6c 4s Ah
	 Ad 6d 3s 8s 8c 3h 8d 5s

Round 4:
   8bit: 0x1e 0xbc 0xef 0x83 0x4c 0xa8 0xe4 0x43 0x85 0xe0 0x46 0x90 0xf5 0xad
  Again: 0x1e 0xbc 0xef 0x83 0x4c 0xa8 0xe4 0x43 0x85 0xe0 0x46 0x90 0xf5 0xad
  Coins: THHTHHTTTTHHHHHTTHTHHHHTTHHHTHHTHTTHTHHTHTTHTHHHTTTHHHHHHTHHHTTTT
  Rolls: 2 5 4 1 4 2 6 3 1 6 5 4 4 4 3 4 4 2 6 6 4 3 5 6 6 5 1 2 6 4 3 5 6
  Cards: 6d 7d Jh Ks Qh 3s 9c 9s 7h Qs Kd 8h 6c 6s 8s 5d Th 6h 7c 4h 5h 8c
	 5s Td Ts 9d Kc Tc Js 3d Jd 2d 4s Ah As Ad 3h 5c 9h 4c 3c 2s Jc 8d
	 2h 4d Qc 7s Qd 2c Ac Kh

Round 5:
   8bit: 0x10 0x2b 0x43 0x8e 0xbd 0xa5 0x52 0xb7 0xac 0x58 0xac 0xff 0x04 0xf3
  Again: 0x10 0x2b 0x43 0x8e 0xbd 0xa5 0x52 0xb7 0xac 0x58 0xac 0xff 0x04 0xf3
  Coins: HHTHHHHTTHHTHTTHHTHTHTHTTHHTHTHHTTHTTHHTTTTTTTHTTHHHHHTHHHTTHTTHT
  Rolls: 3 2 6 6 2 5 4 4 4 5 3 4 3 4 3 4 2 5 6 2 1 2 5 3 5 4 1 3 5 4 2 3 2
  Cards: 8c Jc 9s 8d Ad 2h Ts 5c Qd Qc 3d 7h Ac 7c 2c 4h Jh Kc Ks Th 7d 9h
	 Td 8h 6c 6s 5s Tc 4s 9c 9d 2s 6d Qs 3c 4d 2d Jd 7s Kh 4c 5h 8s Js
	 3h Ah As 6h Qh 5d 3s Kd

