pcg_mcg_16_xsh_rs_8_random_r:
      -  result:      8-bit unsigned int (uint8_t)
      -  period:      2^14
      -  state type:  struct pcg_state_16 (2 bytes)
      -  output func: XSH-RS

Round 1:
   8bit: 0x05 0x35 0x68 0x28 0x36 0x2c 0x25 0xd4 0x59 0xa5 0xb8 0x8a 0xef 0x66
  Again: 0x05 0x35 0x68 0x28 0x36 0x2c 0x25 0xd4 0x59 0xa5 0xb8 0x8a 0xef 0x66
  Coins: THTHHHHTHHHHHHTHTTHHHHTHHTTTTTTHTHTTHTTHTTTHHHHHTHTTTHHHTTHHHHTTT
  Rolls: 2 4 3 4 2 5 3 4 6 5 1 3 1 2 4 5 4 3 1 3 6 1 2 6 4 1 1 5 3 5 2 2 1
  Cards: 8s 3h Js Qh Jd 3s 8c As 9d 3d Ks Ad 5h Qc Ac 2h 8h 5s Ts Kd 2c Kh
	 Ah 7d Jc 6s 5c 4h 6h 7c 6c 4c Qs Tc 2s 9s Jh 3c Td 7h 5d 4s Kc 7s
	 9c 8d 2d 4d Th 6d Qd 9h

Round 2:
   8bit: 0x43 0xc6 0xdc 0xa0 0x70 0x47 0x7f 0xac 0xad 0x67 0xf9 0xc7 0x4b 0x13
  Again: 0x43 0xc6 0xdc 0xa0 0x70 0x47 0x7f 0xac 0xad 0x67 0xf9 0xc7 0x4b 0x13
  Coins: HTTHTTHTHHTHTHHTHTTHTTTTTTTHTTTHHHHTHHHHHTHHTHTTHHHHTTHTTHHTHTHHH
  Rolls: 1 5 4 5 1 2 4 1 6 4 3 3 6 5 1 6 5 2 5 6 2 3 6 3 6 1 6 5 5 1 2 6 3
  Cards: 3d 5h Th Qd 2h Ad Ts 2c Jc Kd Qs Js Kh Tc Qc Ks Ac As 6h 9c 2d 6d
	 Ah 8d 3c 2s 5c 7d Jd 5s Kc 4h Td 9d 8h Qh 5d Jh 3s 9s 7c 4c 6c 3h
	 8c 7h 7s 9h 4s 6s 8s 4d

Round 3:
   8bit: 0xfd 0x75 0xb0 0x34 0x91 0x9b 0x14 0xc3 0x39 0xde 0x66 0xda 0xfd 0x85
  Again: 0xfd 0x75 0xb0 0x34 0x91 0x9b 0x14 0xc3 0x39 0xde 0x66 0xda 0xfd 0x85
  Coins: HHTTTHTTTTTTHTHTHHHHHHHHTTHHTHTHHHHTHTTHTTHTHTTTHHHTTHTHTHHHTTHHT
  Rolls: 3 4 4 6 5 5 1 1 2 2 5 2 2 1 2 1 1 5 3 4 1 3 3 4 6 6 3 1 4 3 6 1 3
  Cards: Qs 7h Ac 6s 4d Kd 8d Td 2s Th 3s 9s Jd Ah 8c 3c 5h Kc 2c 4h Tc Js
	 3d 5c Qd 9c 7s Kh Jh 4s 8s 6c Ad 6h 6d Jc 3h Ks 8h Qc 7c 7d As 5s
	 Ts 5d 4c 2h 9d Qh 9h 2d

Round 4:
   8bit: 0x88 0xce 0xdf 0x1a 0xd4 0xe2 0xa4 0x20 0xbc 0x79 0x8a 0x59 0xce 0xe9
  Again: 0x88 0xce 0xdf 0x1a 0xd4 0xe2 0xa4 0x20 0xbc 0x79 0x8a 0x59 0xce 0xe9
  Coins: HTTTHTHTTHTTHHTTTTTHTTTHTTHTHTTTHTHHTHHTHTTHTHHTHTTTHHHTTHHHHHHTH
  Rolls: 2 6 4 4 5 6 4 3 1 2 3 4 6 3 3 5 2 5 1 6 2 2 2 6 1 1 1 4 1 5 6 3 1
  Cards: 3h 5s Js 6c 2s 9s 2c 8s As 7s Ad Kc Tc Ts 6s 9d 2d 8h Qc 8c Ah 4s
	 3s 5c Ks 7h Jd 7d 9c 6h Th 4c Kh 6d 5h 9h Ac 3c 3d Td Qd Qh 4h Kd
	 Jh Jc 5d 7c 8d 2h Qs 4d

Round 5:
   8bit: 0xaf 0x71 0xfe 0xcd 0xba 0xb8 0x1a 0x3f 0x39 0x54 0x57 0x28 0x90 0xac
  Again: 0xaf 0x71 0xfe 0xcd 0xba 0xb8 0x1a 0x3f 0x39 0x54 0x57 0x28 0x90 0xac
  Coins: THTTHHHTTTHHHTHHHTTTHHHTHHTHHTTHHHTTTTHHTHTHHTTHTHTTTHHTTHHTHHHHT
  Rolls: 2 5 1 6 3 3 4 2 3 3 5 2 4 6 2 4 3 4 2 5 4 6 2 2 5 3 6 4 1 1 6 2 1
  Cards: 4s Kc 2s 8s 5c Qc Ks 9h Ah 9s 3h 7d 7c Ac Qs 4d Ts 5s 4h 5d Jd 8d
	 6s 5h 8c Qh 6c As 3c Kh 9d 7h Jh Kd 8h Tc Js 3d 7s Ad Td Jc 2c 9c
	 2d 6h Th Qd 3s 2h 4c 6d

