pcg_oneseq_16_xsh_rs_8_random_r:
      -  result:      8-bit unsigned int (uint8_t)
      -  period:      2^16
      -  state type:  struct pcg_state_16 (2 bytes)
      -  output func: XSH-RS

Round 1:
   8bit: 0x46 0x2a 0x96 0xef 0xbc 0x39 0xb8 0xb4 0x2e 0x4a 0x5c 0x80 0x6b 0x1f
  Again: 0x46 0x2a 0x96 0xef 0xbc 0x39 0xb8 0xb4 0x2e 0x4a 0x5c 0x80 0x6b 0x1f
  Coins: THTHHTHTHHTTHTTTHHTHHHTTTTTHHHHTTTHTHTTTTHTTTTHTTTHTTTTTTHHHTHHTH
  Rolls: 2 3 2 2 5 1 6 6 6 2 1 4 2 1 6 2 6 4 3 5 1 2 6 5 4 6 2 5 2 3 3 1 1
  Cards: Kh 5s Qh 3h 3d Ad 9h 9s 4h 9d 8d Js Jc 7s 4s 7d Kc 6d Td 3s Th Ts
	 Qc 6c 7h 4c Kd 8h 5c 2s 9c 8c 2c 2d Ac As 2h 4d Jh 6h 3c 5h Ks Qs
	 8s Jd 6s 7c Qd Tc Ah 5d

Round 2:
   8bit: 0xdf 0x5c 0x0a 0xdc 0x68 0xa4 0xf3 0xfb 0x75 0xb4 0x65 0xe8 0x7e 0xd8
  Again: 0xdf 0x5c 0x0a 0xdc 0x68 0xa4 0xf3 0xfb 0x75 0xb4 0x65 0xe8 0x7e 0xd8
  Coins: HTHHHTTHHTTHTTTHTHHHHTTHHTHTHTTTTHHHTTTTTHHTHHTHTTHHHHTTHHTHHHTHT
  Rolls: 1 5 3 5 6 3 4 1 6 1 3 3 5 5 3 1 1 5 4 3 1 1 3 5 2 4 3 5 6 5 1 4 4
  Cards: 9c 8d Ad Kh 3s Kd 3h Td Qh 9h Ts Ks 7s Kc Ah 5d Th 7h 8c 4s 8h Qc
	 6c 5s 7c Jc Qd 3d 8s 6h 5h 9s Jh 3c 5c 7d As 2h 2s Js 2d 2c Tc 4c
	 Ac 6s Jd 6d 9d 4d 4h Qs

Round 3:
   8bit: 0x74 0x33 0xc4 0x27 0xbd 0xda 0xe8 0x3a 0x95 0x20 0x3c 0x53 0x16 0xe7
  Again: 0x74 0x33 0xc4 0x27 0xbd 0xda 0xe8 0x3a 0x95 0x20 0x3c 0x53 0x16 0xe7
  Coins: HTTHHHTHHTTTHHTHHHHHHTHHHHTTHTTTTHTTHTTHHHHTHTHHHTHHTTHHHTHTTTTHT
  Rolls: 3 1 5 2 6 6 5 1 2 4 3 2 4 1 1 4 2 3 6 3 3 2 2 2 5 6 4 5 5 4 5 6 3
  Cards: 6d 9c Qd Ad 5h 8c 4d Ts Ah 9h 9d Qc Qs 7h 5d 4c 5c 2d Ks 7d 3d 8s
	 2h Jh 2s Kd 4h Jd 9s 6h 3h 6c 6s Qh 2c Jc 8d 3s Kh 8h Ac 7c 3c 7s
	 4s Kc Tc 5s Td Js As Th

Round 4:
   8bit: 0xfa 0xb2 0x72 0xce 0xac 0x78 0xcf 0x11 0xad 0x35 0xa2 0x83 0x03 0x30
  Again: 0xfa 0xb2 0x72 0xce 0xac 0x78 0xcf 0x11 0xad 0x35 0xa2 0x83 0x03 0x30
  Coins: TTTHTTTHHTHTTTTTHTHHHTTTTTTHHHHHTHHHHTHHTHHHHTHHTTTHTHHTTTHTHTTTT
  Rolls: 1 5 2 1 3 3 3 6 6 6 3 4 4 2 1 3 6 3 1 3 6 4 3 2 3 4 2 6 4 3 6 5 5
  Cards: Jh 2h 6c 6d Td 3d Tc 6h Jc As 5d Qd Jd 3s 7d Ah 4s 3c 4c Kd 9s 2d
	 3h 5s Qc 7s 5h Ks Kh 8c 9c 8d 7c 7h 6s 4d Kc 5c Js 8h Th Qh Qs Ts
	 4h 2s 9h 2c Ac 8s 9d Ad

Round 5:
   8bit: 0xb0 0x66 0xd1 0xa1 0xa6 0x8f 0x94 0x74 0x67 0xe5 0x5a 0x8c 0x54 0xd5
  Again: 0xb0 0x66 0xd1 0xa1 0xa6 0x8f 0x94 0x74 0x67 0xe5 0x5a 0x8c 0x54 0xd5
  Coins: THHTHHHHHHTTTHHHHTHTTTHTHTHHHTTTHTHHTTTTTHHTTHHTHHHTHHTHHTHHTTTTT
  Rolls: 2 4 5 3 6 4 6 2 4 4 4 3 6 1 2 3 1 4 2 3 6 1 3 3 6 3 3 1 1 5 6 6 6
  Cards: 8d Kd 5d 2d 3c Ts 2c 8s Qc 6c 4h 2h Js 4s Ad 8c 7c Ks 4c Qs 3h Td
	 7d Th Jh 6h 5h 9d 3s 5s Ac 6d Kc Qh Tc 9h Ah 4d 2s 7s 9c As Qd 6s
	 Jd 8h Jc Kh 3d 5c 7h 9s

